// Vitest Snapshot v1, https://vitest.dev/guide/snapshot.html

exports[`generate from vanilla Tailwind CSS > emitted module matches snapshot 1`] = `
"import { createTailwindMerge, validators as v, type Config } from 'tailwind-merge'

const scale0 = ['auto', 'avoid', 'all', 'avoid-page', 'page', 'left', 'right', 'column']
const scale1 = [
    'center',
    'top',
    'bottom',
    'left',
    'right',
    'top-left',
    'left-top',
    'top-right',
    'right-top',
    'bottom-right',
    'right-bottom',
    'bottom-left',
    'left-bottom',
    v.isArbitraryVariable,
    v.isArbitraryValue,
]
const scale2 = ['auto', 'hidden', 'clip', 'visible', 'scroll']
const scale3 = [v.isFraction, 'full', 'auto', v.isArbitraryVariable, v.isArbitraryValue, 'px', v.isNumber]
const scale4 = [v.isInteger, 'auto', v.isArbitraryVariable, v.isArbitraryValue]
const scale5 = ['', v.isNumber, v.isArbitraryVariable, v.isArbitraryValue]
const scale6 = [v.isInteger, 'none', 'subgrid', v.isArbitraryVariable, v.isArbitraryValue]
const scale7 = ['full', v.isInteger, v.isArbitraryVariable, v.isArbitraryValue]
const scale8 = ['auto', { span: scale7 }, v.isInteger, v.isArbitraryVariable, v.isArbitraryValue]
const scale9 = ['auto', 'min', 'max', 'fr', v.isArbitraryVariable, v.isArbitraryValue]
const scale10 = [v.isArbitraryVariable, v.isArbitraryValue, 'px', v.isNumber]
const scale11 = ['auto', 'start', 'end', 'center', 'stretch', 'center-safe', 'end-safe']
const scale12 = ['auto', v.isArbitraryVariable, v.isArbitraryValue, 'px', v.isNumber]
const scale13 = [
    'auto',
    v.isFraction,
    'screen',
    'full',
    'dvw',
    'lvw',
    'svw',
    'min',
    'max',
    'fit',
    v.isArbitraryVariable,
    v.isArbitraryValue,
    'px',
    v.isNumber,
]
const scale14 = [
    'auto',
    v.isFraction,
    'screen',
    'full',
    'lh',
    'dvh',
    'lvh',
    'svh',
    'min',
    'max',
    'fit',
    v.isArbitraryVariable,
    v.isArbitraryValue,
    'px',
    v.isNumber,
]
const scale15 = [
    'screen',
    'lh',
    v.isFraction,
    'auto',
    'full',
    'dvw',
    'dvh',
    'lvw',
    'lvh',
    'svw',
    'svh',
    'min',
    'max',
    'fit',
    v.isArbitraryVariable,
    v.isArbitraryValue,
    'px',
    v.isNumber,
]
const scale16 = ['none', v.isArbitraryVariable, v.isArbitraryValue]
const scale17 = [
    'inherit',
    'current',
    'transparent',
    {
        red: [v.isNumber],
        orange: [v.isNumber],
        amber: [v.isNumber],
        yellow: [v.isNumber],
        lime: [v.isNumber],
        green: [v.isNumber],
        emerald: [v.isNumber],
        teal: [v.isNumber],
        cyan: [v.isNumber],
        sky: [v.isNumber],
        blue: [v.isNumber],
        indigo: [v.isNumber],
        violet: [v.isNumber],
        purple: [v.isNumber],
        fuchsia: [v.isNumber],
        pink: [v.isNumber],
        rose: [v.isNumber],
        slate: [v.isNumber],
        gray: [v.isNumber],
        zinc: [v.isNumber],
        neutral: [v.isNumber],
        stone: [v.isNumber],
        mauve: [v.isNumber],
        olive: [v.isNumber],
        mist: [v.isNumber],
        taupe: [v.isNumber],
    },
    'black',
    'white',
    v.isArbitraryVariable,
    v.isArbitraryValue,
]
const scale18 = [v.isInteger, v.isArbitraryVariable, v.isArbitraryValue]
const scale19 = [v.isArbitraryVariable, v.isArbitraryValue]
const scale20 = [
    'center',
    'top',
    'bottom',
    'left',
    'right',
    'top-left',
    'left-top',
    'top-right',
    'right-top',
    'bottom-right',
    'right-bottom',
    'bottom-left',
    'left-bottom',
    v.isArbitraryVariablePosition,
    v.isArbitraryPosition,
    { position: scale19 },
]
const scale21 = ['', 'x', 'y', 'space', 'round']
const scale22 = ['no-repeat', { repeat: scale21 }]
const scale23 = ['auto', 'cover', 'contain', v.isArbitraryVariableSize, v.isArbitrarySize, { size: scale19 }]
const scale24 = [v.isPercent, v.isArbitraryVariableLength, v.isArbitraryLength]
const scale25 = ['', 'none', 'full', v.isTshirtSize, v.isArbitraryVariable, v.isArbitraryValue]
const scale26 = ['', v.isNumber, v.isArbitraryVariableLength, v.isArbitraryLength]
const scale27 = ['solid', 'dashed', 'dotted', 'double', 'hidden', 'none']
const scale28 = [v.isNumber, v.isArbitraryVariable, v.isArbitraryValue]
const scale29 = ['none', v.isTshirtSize, v.isArbitraryVariableShadow, v.isArbitraryShadow]
const scale30 = ['border', 'padding', 'content', 'fill', 'stroke', 'view']
const scale31 = [v.isNumber, v.isPercent, v.isArbitraryVariablePosition, v.isArbitraryPosition]
const scale32 = ['', 'none', v.isArbitraryVariable, v.isArbitraryValue]
const scale33 = ['', 'none', v.isTshirtSize, v.isArbitraryVariable, v.isArbitraryValue]
const scale34 = ['none', v.isNumber, v.isArbitraryVariable, v.isArbitraryValue]
const scale35 = [v.isFraction, 'full', v.isArbitraryVariable, v.isArbitraryValue, 'px', v.isNumber]
const scale36 = [
    'none',
    'inherit',
    'current',
    'transparent',
    {
        red: [v.isNumber],
        orange: [v.isNumber],
        amber: [v.isNumber],
        yellow: [v.isNumber],
        lime: [v.isNumber],
        green: [v.isNumber],
        emerald: [v.isNumber],
        teal: [v.isNumber],
        cyan: [v.isNumber],
        sky: [v.isNumber],
        blue: [v.isNumber],
        indigo: [v.isNumber],
        violet: [v.isNumber],
        purple: [v.isNumber],
        fuchsia: [v.isNumber],
        pink: [v.isNumber],
        rose: [v.isNumber],
        slate: [v.isNumber],
        gray: [v.isNumber],
        zinc: [v.isNumber],
        neutral: [v.isNumber],
        stone: [v.isNumber],
        mauve: [v.isNumber],
        olive: [v.isNumber],
        mist: [v.isNumber],
        taupe: [v.isNumber],
    },
    'black',
    'white',
    v.isArbitraryVariable,
    v.isArbitraryValue,
]

export const config = {
    cacheSize: 500,
    theme: {},
    classGroups: {
        aspect: [
            {
                aspect: ['auto', 'square', v.isFraction, v.isArbitraryValue, v.isArbitraryVariable, 'video'],
            },
        ],
        container: ['container'],
        'container-type': [{ '@container': ['', 'normal', 'size', v.isArbitraryVariable, v.isArbitraryValue] }],
        'container-named': [v.isNamedContainerQuery],
        columns: [{ columns: [v.isNumber, v.isArbitraryValue, v.isArbitraryVariable, v.isTshirtSize] }],
        'break-after': [{ 'break-after': scale0 }],
        'break-before': [{ 'break-before': scale0 }],
        'break-inside': [{ 'break-inside': ['auto', 'avoid', 'avoid-page', 'avoid-column'] }],
        'box-decoration': [{ 'box-decoration': ['slice', 'clone'] }],
        box: [{ box: ['border', 'content'] }],
        display: [
            'block',
            'inline-block',
            'inline',
            'flex',
            'inline-flex',
            'table',
            'inline-table',
            'table-caption',
            'table-cell',
            'table-column',
            'table-column-group',
            'table-footer-group',
            'table-header-group',
            'table-row-group',
            'table-row',
            'flow-root',
            'grid',
            'inline-grid',
            'contents',
            'list-item',
            'hidden',
        ],
        sr: ['sr-only', 'not-sr-only'],
        float: [{ float: ['right', 'left', 'none', 'start', 'end'] }],
        clear: [{ clear: ['left', 'right', 'both', 'none', 'start', 'end'] }],
        isolation: ['isolate', 'isolation-auto'],
        'object-fit': [{ object: ['contain', 'cover', 'fill', 'none', 'scale-down'] }],
        'object-position': [{ object: scale1 }],
        overflow: [{ overflow: scale2 }],
        'overflow-x': [{ 'overflow-x': scale2 }],
        'overflow-y': [{ 'overflow-y': scale2 }],
        overscroll: [{ overscroll: ['auto', 'contain', 'none'] }],
        'overscroll-x': [{ 'overscroll-x': ['auto', 'contain', 'none'] }],
        'overscroll-y': [{ 'overscroll-y': ['auto', 'contain', 'none'] }],
        position: ['static', 'fixed', 'absolute', 'relative', 'sticky'],
        inset: [{ inset: scale3 }],
        'inset-x': [{ 'inset-x': scale3 }],
        'inset-y': [{ 'inset-y': scale3 }],
        start: [{ 'inset-s': scale3, start: scale3 }],
        end: [{ 'inset-e': scale3, end: scale3 }],
        'inset-bs': [{ 'inset-bs': scale3 }],
        'inset-be': [{ 'inset-be': scale3 }],
        top: [{ top: scale3 }],
        right: [{ right: scale3 }],
        bottom: [{ bottom: scale3 }],
        left: [{ left: scale3 }],
        visibility: ['visible', 'invisible', 'collapse'],
        z: [{ z: scale4 }],
        basis: [
            {
                basis: [
                    v.isFraction,
                    'full',
                    'auto',
                    v.isTshirtSize,
                    v.isArbitraryVariable,
                    v.isArbitraryValue,
                    'px',
                    v.isNumber,
                ],
            },
        ],
        'flex-direction': [{ flex: ['row', 'row-reverse', 'col', 'col-reverse'] }],
        'flex-wrap': [{ flex: ['nowrap', 'wrap', 'wrap-reverse'] }],
        flex: [{ flex: [v.isNumber, v.isFraction, 'auto', 'initial', 'none', v.isArbitraryValue] }],
        grow: [{ grow: scale5 }],
        shrink: [{ shrink: scale5 }],
        order: [
            {
                order: [v.isInteger, 'first', 'last', 'none', v.isArbitraryVariable, v.isArbitraryValue],
            },
        ],
        'grid-cols': [{ 'grid-cols': scale6 }],
        'col-start-end': [{ col: scale8 }],
        'col-start': [{ 'col-start': scale4 }],
        'col-end': [{ 'col-end': scale4 }],
        'grid-rows': [{ 'grid-rows': scale6 }],
        'row-start-end': [{ row: scale8 }],
        'row-start': [{ 'row-start': scale4 }],
        'row-end': [{ 'row-end': scale4 }],
        'grid-flow': [{ 'grid-flow': ['row', 'col', 'dense', 'row-dense', 'col-dense'] }],
        'auto-cols': [{ 'auto-cols': scale9 }],
        'auto-rows': [{ 'auto-rows': scale9 }],
        gap: [{ gap: scale10 }],
        'gap-x': [{ 'gap-x': scale10 }],
        'gap-y': [{ 'gap-y': scale10 }],
        'justify-content': [
            {
                justify: [
                    'start',
                    'end',
                    'center',
                    'between',
                    'around',
                    'evenly',
                    'stretch',
                    'baseline',
                    'center-safe',
                    'end-safe',
                    'normal',
                ],
            },
        ],
        'justify-items': [
            {
                'justify-items': ['start', 'end', 'center', 'stretch', 'center-safe', 'end-safe', 'normal'],
            },
        ],
        'justify-self': [{ 'justify-self': scale11 }],
        'align-content': [
            {
                content: [
                    'normal',
                    'start',
                    'end',
                    'center',
                    'between',
                    'around',
                    'evenly',
                    'stretch',
                    'baseline',
                    'center-safe',
                    'end-safe',
                ],
            },
        ],
        'align-items': [
            {
                items: [
                    'start',
                    'end',
                    'center',
                    'stretch',
                    'center-safe',
                    'end-safe',
                    { baseline: ['', 'last'] },
                ],
            },
        ],
        'align-self': [
            {
                self: [
                    'auto',
                    'start',
                    'end',
                    'center',
                    'stretch',
                    'center-safe',
                    'end-safe',
                    { baseline: ['', 'last'] },
                ],
            },
        ],
        'place-content': [
            {
                'place-content': [
                    'start',
                    'end',
                    'center',
                    'between',
                    'around',
                    'evenly',
                    'stretch',
                    'baseline',
                    'center-safe',
                    'end-safe',
                ],
            },
        ],
        'place-items': [
            {
                'place-items': ['start', 'end', 'center', 'stretch', 'center-safe', 'end-safe', 'baseline'],
            },
        ],
        'place-self': [{ 'place-self': scale11 }],
        p: [{ p: scale10 }],
        px: [{ px: scale10 }],
        py: [{ py: scale10 }],
        ps: [{ ps: scale10 }],
        pe: [{ pe: scale10 }],
        pbs: [{ pbs: scale10 }],
        pbe: [{ pbe: scale10 }],
        pt: [{ pt: scale10 }],
        pr: [{ pr: scale10 }],
        pb: [{ pb: scale10 }],
        pl: [{ pl: scale10 }],
        m: [{ m: scale12 }],
        mx: [{ mx: scale12 }],
        my: [{ my: scale12 }],
        ms: [{ ms: scale12 }],
        me: [{ me: scale12 }],
        mbs: [{ mbs: scale12 }],
        mbe: [{ mbe: scale12 }],
        mt: [{ mt: scale12 }],
        mr: [{ mr: scale12 }],
        mb: [{ mb: scale12 }],
        ml: [{ ml: scale12 }],
        'space-x': [{ 'space-x': scale10 }],
        'space-x-reverse': ['space-x-reverse'],
        'space-y': [{ 'space-y': scale10 }],
        'space-y-reverse': ['space-y-reverse'],
        size: [
            {
                size: [
                    v.isFraction,
                    'auto',
                    'full',
                    'dvw',
                    'dvh',
                    'lvw',
                    'lvh',
                    'svw',
                    'svh',
                    'min',
                    'max',
                    'fit',
                    v.isArbitraryVariable,
                    v.isArbitraryValue,
                    'px',
                    v.isNumber,
                ],
            },
        ],
        'inline-size': [{ inline: scale13 }],
        'min-inline-size': [{ 'min-inline': scale13 }],
        'max-inline-size': [
            {
                'max-inline': [
                    'none',
                    v.isFraction,
                    'screen',
                    'full',
                    'dvw',
                    'lvw',
                    'svw',
                    'min',
                    'max',
                    'fit',
                    v.isArbitraryVariable,
                    v.isArbitraryValue,
                    'px',
                    v.isNumber,
                ],
            },
        ],
        'block-size': [{ block: scale14 }],
        'min-block-size': [{ 'min-block': scale14 }],
        'max-block-size': [
            {
                'max-block': [
                    'none',
                    v.isFraction,
                    'screen',
                    'full',
                    'lh',
                    'dvh',
                    'lvh',
                    'svh',
                    'min',
                    'max',
                    'fit',
                    v.isArbitraryVariable,
                    v.isArbitraryValue,
                    'px',
                    v.isNumber,
                ],
            },
        ],
        w: [
            {
                w: [
                    v.isTshirtSize,
                    'screen',
                    v.isFraction,
                    'auto',
                    'full',
                    'dvw',
                    'dvh',
                    'lvw',
                    'lvh',
                    'svw',
                    'svh',
                    'min',
                    'max',
                    'fit',
                    v.isArbitraryVariable,
                    v.isArbitraryValue,
                    'px',
                    v.isNumber,
                ],
            },
        ],
        'min-w': [
            {
                'min-w': [
                    v.isTshirtSize,
                    'screen',
                    'none',
                    v.isFraction,
                    'auto',
                    'full',
                    'dvw',
                    'dvh',
                    'lvw',
                    'lvh',
                    'svw',
                    'svh',
                    'min',
                    'max',
                    'fit',
                    v.isArbitraryVariable,
                    v.isArbitraryValue,
                    'px',
                    v.isNumber,
                ],
            },
        ],
        'max-w': [
            {
                'max-w': [
                    v.isTshirtSize,
                    'screen',
                    'none',
                    'prose',
                    { screen: [v.isTshirtSize] },
                    v.isFraction,
                    'auto',
                    'full',
                    'dvw',
                    'dvh',
                    'lvw',
                    'lvh',
                    'svw',
                    'svh',
                    'min',
                    'max',
                    'fit',
                    v.isArbitraryVariable,
                    v.isArbitraryValue,
                    'px',
                    v.isNumber,
                ],
            },
        ],
        h: [{ h: scale15 }],
        'min-h': [
            {
                'min-h': [
                    'screen',
                    'lh',
                    'none',
                    v.isFraction,
                    'auto',
                    'full',
                    'dvw',
                    'dvh',
                    'lvw',
                    'lvh',
                    'svw',
                    'svh',
                    'min',
                    'max',
                    'fit',
                    v.isArbitraryVariable,
                    v.isArbitraryValue,
                    'px',
                    v.isNumber,
                ],
            },
        ],
        'max-h': [{ 'max-h': scale15 }],
        'font-size': [{ text: ['base', v.isTshirtSize, v.isArbitraryVariableLength, v.isArbitraryLength] }],
        'font-smoothing': ['antialiased', 'subpixel-antialiased'],
        'font-style': ['italic', 'not-italic'],
        'font-weight': [
            {
                font: [
                    'thin',
                    'extralight',
                    'light',
                    'normal',
                    'medium',
                    'semibold',
                    'bold',
                    'extrabold',
                    'black',
                    v.isArbitraryVariableWeight,
                    v.isArbitraryWeight,
                ],
            },
        ],
        'font-stretch': [
            {
                'font-stretch': [
                    'ultra-condensed',
                    'extra-condensed',
                    'condensed',
                    'semi-condensed',
                    'normal',
                    'semi-expanded',
                    'expanded',
                    'extra-expanded',
                    'ultra-expanded',
                    v.isPercent,
                    v.isArbitraryValue,
                ],
            },
        ],
        'font-family': [
            {
                font: [v.isArbitraryVariableFamilyName, v.isArbitraryFamilyName, 'sans', 'serif', 'mono'],
            },
        ],
        'font-features': [{ 'font-features': [v.isArbitraryValue] }],
        'fvn-normal': ['normal-nums'],
        'fvn-ordinal': ['ordinal'],
        'fvn-slashed-zero': ['slashed-zero'],
        'fvn-figure': ['lining-nums', 'oldstyle-nums'],
        'fvn-spacing': ['proportional-nums', 'tabular-nums'],
        'fvn-fraction': ['diagonal-fractions', 'stacked-fractions'],
        tracking: [
            {
                tracking: [
                    'tighter',
                    'tight',
                    'normal',
                    'wide',
                    'wider',
                    'widest',
                    v.isArbitraryVariable,
                    v.isArbitraryValue,
                ],
            },
        ],
        'line-clamp': [{ 'line-clamp': [v.isNumber, 'none', v.isArbitraryVariable, v.isArbitraryNumber] }],
        leading: [
            {
                leading: [
                    'tight',
                    'snug',
                    'normal',
                    'relaxed',
                    'loose',
                    v.isArbitraryVariable,
                    v.isArbitraryValue,
                    'px',
                    v.isNumber,
                ],
            },
            'leading-none',
        ],
        'list-image': [{ 'list-image': scale16 }],
        'list-style-position': [{ list: ['inside', 'outside'] }],
        'list-style-type': [{ list: ['disc', 'decimal', 'none', v.isArbitraryVariable, v.isArbitraryValue] }],
        'text-alignment': [{ text: ['left', 'center', 'right', 'justify', 'start', 'end'] }],
        'placeholder-color': [{ placeholder: scale17 }],
        'text-color': [{ text: scale17 }],
        'text-decoration': ['underline', 'overline', 'line-through', 'no-underline'],
        'text-decoration-style': [{ decoration: ['solid', 'dashed', 'dotted', 'double', 'wavy'] }],
        'text-decoration-thickness': [
            {
                decoration: [v.isNumber, 'from-font', 'auto', v.isArbitraryVariable, v.isArbitraryLength],
            },
        ],
        'text-decoration-color': [{ decoration: scale17 }],
        'underline-offset': [{ 'underline-offset': [v.isNumber, 'auto', v.isArbitraryVariable, v.isArbitraryValue] }],
        'text-transform': ['uppercase', 'lowercase', 'capitalize', 'normal-case'],
        'text-overflow': ['truncate', 'text-ellipsis', 'text-clip'],
        'text-wrap': [{ text: ['wrap', 'nowrap', 'balance', 'pretty'] }],
        indent: [{ indent: scale10 }],
        'tab-size': [{ tab: scale18 }],
        'vertical-align': [
            {
                align: [
                    'baseline',
                    'top',
                    'middle',
                    'bottom',
                    'text-top',
                    'text-bottom',
                    'sub',
                    'super',
                    v.isArbitraryVariable,
                    v.isArbitraryValue,
                ],
            },
        ],
        whitespace: [{ whitespace: ['normal', 'nowrap', 'pre', 'pre-line', 'pre-wrap', 'break-spaces'] }],
        break: [{ break: ['normal', 'words', 'all', 'keep'] }],
        wrap: [{ wrap: ['break-word', 'anywhere', 'normal'] }],
        hyphens: [{ hyphens: ['none', 'manual', 'auto'] }],
        content: [{ content: scale16 }],
        'bg-attachment': [{ bg: ['fixed', 'local', 'scroll'] }],
        'bg-clip': [{ 'bg-clip': ['border', 'padding', 'content', 'text'] }],
        'bg-origin': [{ 'bg-origin': ['border', 'padding', 'content'] }],
        'bg-position': [{ bg: scale20 }],
        'bg-repeat': [{ bg: scale22 }],
        'bg-size': [{ bg: scale23 }],
        'bg-image': [
            {
                bg: [
                    'none',
                    {
                        linear: [
                            { to: ['t', 'tr', 'r', 'br', 'b', 'bl', 'l', 'tl'] },
                            v.isInteger,
                            v.isArbitraryVariable,
                            v.isArbitraryValue,
                        ],
                        radial: ['', v.isArbitraryVariable, v.isArbitraryValue],
                        conic: scale18,
                    },
                    v.isArbitraryVariableImage,
                    v.isArbitraryImage,
                ],
            },
        ],
        'bg-color': [{ bg: scale17 }],
        'gradient-from-pos': [{ from: scale24 }],
        'gradient-via-pos': [{ via: scale24 }],
        'gradient-to-pos': [{ to: scale24 }],
        'gradient-from': [{ from: scale17 }, 'from-none'],
        'gradient-via': [{ via: scale17 }, 'via-none'],
        'gradient-to': [{ to: scale17 }, 'to-none'],
        rounded: [{ rounded: scale25 }],
        'rounded-s': [{ 'rounded-s': scale25 }],
        'rounded-e': [{ 'rounded-e': scale25 }],
        'rounded-t': [{ 'rounded-t': scale25 }],
        'rounded-r': [{ 'rounded-r': scale25 }],
        'rounded-b': [{ 'rounded-b': scale25 }],
        'rounded-l': [{ 'rounded-l': scale25 }],
        'rounded-ss': [{ 'rounded-ss': scale25 }],
        'rounded-se': [{ 'rounded-se': scale25 }],
        'rounded-ee': [{ 'rounded-ee': scale25 }],
        'rounded-es': [{ 'rounded-es': scale25 }],
        'rounded-tl': [{ 'rounded-tl': scale25 }],
        'rounded-tr': [{ 'rounded-tr': scale25 }],
        'rounded-br': [{ 'rounded-br': scale25 }],
        'rounded-bl': [{ 'rounded-bl': scale25 }],
        'border-w': [{ border: scale26 }],
        'border-w-x': [{ 'border-x': scale26 }],
        'border-w-y': [{ 'border-y': scale26 }],
        'border-w-s': [{ 'border-s': scale26 }],
        'border-w-e': [{ 'border-e': scale26 }],
        'border-w-bs': [{ 'border-bs': scale26 }],
        'border-w-be': [{ 'border-be': scale26 }],
        'border-w-t': [{ 'border-t': scale26 }],
        'border-w-r': [{ 'border-r': scale26 }],
        'border-w-b': [{ 'border-b': scale26 }],
        'border-w-l': [{ 'border-l': scale26 }],
        'divide-x': [{ 'divide-x': scale26 }],
        'divide-x-reverse': ['divide-x-reverse'],
        'divide-y': [{ 'divide-y': scale26 }],
        'divide-y-reverse': ['divide-y-reverse'],
        'border-style': [{ border: scale27 }],
        'divide-style': [{ divide: scale27 }],
        'border-color': [{ border: scale17 }],
        'border-color-x': [{ 'border-x': scale17 }],
        'border-color-y': [{ 'border-y': scale17 }],
        'border-color-s': [{ 'border-s': scale17 }],
        'border-color-e': [{ 'border-e': scale17 }],
        'border-color-bs': [{ 'border-bs': scale17 }],
        'border-color-be': [{ 'border-be': scale17 }],
        'border-color-t': [{ 'border-t': scale17 }],
        'border-color-r': [{ 'border-r': scale17 }],
        'border-color-b': [{ 'border-b': scale17 }],
        'border-color-l': [{ 'border-l': scale17 }],
        'divide-color': [{ divide: scale17 }],
        'outline-style': [{ outline: ['solid', 'dashed', 'dotted', 'double', 'none', 'hidden'] }],
        'outline-offset': [{ 'outline-offset': scale28 }],
        'outline-w': [{ outline: scale26 }],
        'outline-color': [{ outline: scale17 }],
        shadow: [
            {
                shadow: [
                    '',
                    'none',
                    'inner',
                    v.isTshirtSize,
                    v.isArbitraryVariableShadow,
                    v.isArbitraryShadow,
                ],
            },
        ],
        'shadow-color': [{ shadow: scale17 }, 'shadow-initial'],
        'inset-shadow': [{ 'inset-shadow': scale29 }],
        'inset-shadow-color': [{ 'inset-shadow': scale17 }, 'inset-shadow-initial'],
        'ring-w': [{ ring: scale26 }],
        'ring-w-inset': ['ring-inset'],
        'ring-color': [{ ring: scale17 }],
        'ring-offset-w': [{ 'ring-offset': [v.isNumber, v.isArbitraryLength] }],
        'ring-offset-color': [{ 'ring-offset': scale17 }],
        'inset-ring-w': [{ 'inset-ring': scale26 }],
        'inset-ring-color': [{ 'inset-ring': scale17 }],
        'text-shadow': [{ 'text-shadow': scale29 }],
        'text-shadow-color': [{ 'text-shadow': scale17 }, 'text-shadow-initial'],
        opacity: [{ opacity: scale28 }],
        'mix-blend': [
            {
                'mix-blend': [
                    'normal',
                    'multiply',
                    'screen',
                    'overlay',
                    'darken',
                    'lighten',
                    'color-dodge',
                    'color-burn',
                    'hard-light',
                    'soft-light',
                    'difference',
                    'exclusion',
                    'hue',
                    'saturation',
                    'color',
                    'luminosity',
                    'plus-darker',
                    'plus-lighter',
                ],
            },
        ],
        'bg-blend': [
            {
                'bg-blend': [
                    'normal',
                    'multiply',
                    'screen',
                    'overlay',
                    'darken',
                    'lighten',
                    'color-dodge',
                    'color-burn',
                    'hard-light',
                    'soft-light',
                    'difference',
                    'exclusion',
                    'hue',
                    'saturation',
                    'color',
                    'luminosity',
                ],
            },
        ],
        'mask-clip': [{ 'mask-clip': scale30 }, 'mask-no-clip'],
        'mask-composite': [{ mask: ['add', 'subtract', 'intersect', 'exclude'] }],
        'mask-image-linear-pos': [{ 'mask-linear': [v.isNumber] }],
        'mask-image-linear-from-pos': [{ 'mask-linear-from': scale31 }],
        'mask-image-linear-to-pos': [{ 'mask-linear-to': scale31 }],
        'mask-image-linear-from-color': [{ 'mask-linear-from': scale17 }],
        'mask-image-linear-to-color': [{ 'mask-linear-to': scale17 }],
        'mask-image-t-from-pos': [{ 'mask-t-from': scale31 }],
        'mask-image-t-to-pos': [{ 'mask-t-to': scale31 }],
        'mask-image-t-from-color': [{ 'mask-t-from': scale17 }],
        'mask-image-t-to-color': [{ 'mask-t-to': scale17 }],
        'mask-image-r-from-pos': [{ 'mask-r-from': scale31 }],
        'mask-image-r-to-pos': [{ 'mask-r-to': scale31 }],
        'mask-image-r-from-color': [{ 'mask-r-from': scale17 }],
        'mask-image-r-to-color': [{ 'mask-r-to': scale17 }],
        'mask-image-b-from-pos': [{ 'mask-b-from': scale31 }],
        'mask-image-b-to-pos': [{ 'mask-b-to': scale31 }],
        'mask-image-b-from-color': [{ 'mask-b-from': scale17 }],
        'mask-image-b-to-color': [{ 'mask-b-to': scale17 }],
        'mask-image-l-from-pos': [{ 'mask-l-from': scale31 }],
        'mask-image-l-to-pos': [{ 'mask-l-to': scale31 }],
        'mask-image-l-from-color': [{ 'mask-l-from': scale17 }],
        'mask-image-l-to-color': [{ 'mask-l-to': scale17 }],
        'mask-image-x-from-pos': [{ 'mask-x-from': scale31 }],
        'mask-image-x-to-pos': [{ 'mask-x-to': scale31 }],
        'mask-image-x-from-color': [{ 'mask-x-from': scale17 }],
        'mask-image-x-to-color': [{ 'mask-x-to': scale17 }],
        'mask-image-y-from-pos': [{ 'mask-y-from': scale31 }],
        'mask-image-y-to-pos': [{ 'mask-y-to': scale31 }],
        'mask-image-y-from-color': [{ 'mask-y-from': scale17 }],
        'mask-image-y-to-color': [{ 'mask-y-to': scale17 }],
        'mask-image-radial': [{ 'mask-radial': scale19 }],
        'mask-image-radial-from-pos': [{ 'mask-radial-from': scale31 }],
        'mask-image-radial-to-pos': [{ 'mask-radial-to': scale31 }],
        'mask-image-radial-from-color': [{ 'mask-radial-from': scale17 }],
        'mask-image-radial-to-color': [{ 'mask-radial-to': scale17 }],
        'mask-image-radial-shape': [{ 'mask-radial': ['circle', 'ellipse'] }],
        'mask-image-radial-size': [{ 'mask-radial': [{ closest: ['side', 'corner'], farthest: ['side', 'corner'] }] }],
        'mask-image-radial-pos': [
            {
                'mask-radial-at': [
                    'center',
                    'top',
                    'bottom',
                    'left',
                    'right',
                    'top-left',
                    'left-top',
                    'top-right',
                    'right-top',
                    'bottom-right',
                    'right-bottom',
                    'bottom-left',
                    'left-bottom',
                ],
            },
        ],
        'mask-image-conic-pos': [{ 'mask-conic': [v.isNumber] }],
        'mask-image-conic-from-pos': [{ 'mask-conic-from': scale31 }],
        'mask-image-conic-to-pos': [{ 'mask-conic-to': scale31 }],
        'mask-image-conic-from-color': [{ 'mask-conic-from': scale17 }],
        'mask-image-conic-to-color': [{ 'mask-conic-to': scale17 }],
        'mask-mode': [{ mask: ['alpha', 'luminance', 'match'] }],
        'mask-origin': [{ 'mask-origin': scale30 }],
        'mask-position': [{ mask: scale20 }],
        'mask-repeat': [{ mask: scale22 }],
        'mask-size': [{ mask: scale23 }],
        'mask-type': [{ 'mask-type': ['alpha', 'luminance'] }],
        'mask-image': [{ mask: scale16 }],
        filter: [{ filter: scale32 }],
        blur: [{ blur: scale33 }],
        brightness: [{ brightness: scale28 }],
        contrast: [{ contrast: scale28 }],
        'drop-shadow': [
            {
                'drop-shadow': ['', 'none', v.isTshirtSize, v.isArbitraryVariableShadow, v.isArbitraryShadow],
            },
        ],
        'drop-shadow-color': [{ 'drop-shadow': scale17 }],
        grayscale: [{ grayscale: scale5 }],
        'hue-rotate': [{ 'hue-rotate': scale28 }],
        invert: [{ invert: scale5 }],
        saturate: [{ saturate: scale28 }],
        sepia: [{ sepia: scale5 }],
        'backdrop-filter': [{ 'backdrop-filter': scale32 }],
        'backdrop-blur': [{ 'backdrop-blur': scale33 }],
        'backdrop-brightness': [{ 'backdrop-brightness': scale28 }],
        'backdrop-contrast': [{ 'backdrop-contrast': scale28 }],
        'backdrop-grayscale': [{ 'backdrop-grayscale': scale5 }],
        'backdrop-hue-rotate': [{ 'backdrop-hue-rotate': scale28 }],
        'backdrop-invert': [{ 'backdrop-invert': scale5 }],
        'backdrop-opacity': [{ 'backdrop-opacity': scale28 }],
        'backdrop-saturate': [{ 'backdrop-saturate': scale28 }],
        'backdrop-sepia': [{ 'backdrop-sepia': scale5 }],
        'border-collapse': [{ border: ['collapse', 'separate'] }],
        'border-spacing': [{ 'border-spacing': scale10 }],
        'border-spacing-x': [{ 'border-spacing-x': scale10 }],
        'border-spacing-y': [{ 'border-spacing-y': scale10 }],
        'table-layout': [{ table: ['auto', 'fixed'] }],
        caption: [{ caption: ['top', 'bottom'] }],
        transition: [
            {
                transition: [
                    '',
                    'all',
                    'colors',
                    'opacity',
                    'shadow',
                    'transform',
                    'none',
                    v.isArbitraryVariable,
                    v.isArbitraryValue,
                ],
            },
        ],
        'transition-behavior': [{ transition: ['normal', 'discrete'] }],
        duration: [{ duration: [v.isNumber, 'initial', v.isArbitraryVariable, v.isArbitraryValue] }],
        ease: [
            {
                ease: [
                    'linear',
                    'initial',
                    'in',
                    'out',
                    'in-out',
                    v.isArbitraryVariable,
                    v.isArbitraryValue,
                ],
            },
        ],
        delay: [{ delay: scale28 }],
        animate: [
            {
                animate: [
                    'none',
                    'spin',
                    'ping',
                    'pulse',
                    'bounce',
                    v.isArbitraryVariable,
                    v.isArbitraryValue,
                ],
            },
        ],
        backface: [{ backface: ['hidden', 'visible'] }],
        perspective: [
            {
                perspective: [
                    'dramatic',
                    'near',
                    'normal',
                    'midrange',
                    'distant',
                    v.isArbitraryVariable,
                    v.isArbitraryValue,
                ],
            },
            'perspective-none',
        ],
        'perspective-origin': [{ 'perspective-origin': scale1 }],
        rotate: [{ rotate: scale34 }],
        'rotate-x': [{ 'rotate-x': scale34 }],
        'rotate-y': [{ 'rotate-y': scale34 }],
        'rotate-z': [{ 'rotate-z': scale34 }],
        scale: [{ scale: scale34 }],
        'scale-x': [{ 'scale-x': scale34 }],
        'scale-y': [{ 'scale-y': scale34 }],
        'scale-z': [{ 'scale-z': scale34 }],
        'scale-3d': ['scale-3d'],
        skew: [{ skew: scale28 }],
        'skew-x': [{ 'skew-x': scale28 }],
        'skew-y': [{ 'skew-y': scale28 }],
        transform: [{ transform: [v.isArbitraryVariable, v.isArbitraryValue, '', 'none', 'gpu', 'cpu'] }],
        'transform-origin': [{ origin: scale1 }],
        'transform-style': [{ transform: ['3d', 'flat'] }],
        translate: [{ translate: scale35 }],
        'translate-x': [{ 'translate-x': scale35 }],
        'translate-y': [{ 'translate-y': scale35 }],
        'translate-z': [{ 'translate-z': scale35 }],
        'translate-none': ['translate-none'],
        zoom: [{ zoom: scale18 }],
        accent: [{ accent: scale17 }, 'accent-auto'],
        appearance: [{ appearance: ['none', 'auto'] }],
        'caret-color': [{ caret: scale17 }],
        'color-scheme': [{ scheme: ['normal', 'dark', 'light', 'light-dark', 'only-dark', 'only-light'] }],
        cursor: [
            {
                cursor: [
                    'auto',
                    'default',
                    'pointer',
                    'wait',
                    'text',
                    'move',
                    'help',
                    'not-allowed',
                    'none',
                    'context-menu',
                    'progress',
                    'cell',
                    'crosshair',
                    'vertical-text',
                    'alias',
                    'copy',
                    'no-drop',
                    'grab',
                    'grabbing',
                    'all-scroll',
                    'col-resize',
                    'row-resize',
                    'n-resize',
                    'e-resize',
                    's-resize',
                    'w-resize',
                    'ne-resize',
                    'nw-resize',
                    'se-resize',
                    'sw-resize',
                    'ew-resize',
                    'ns-resize',
                    'nesw-resize',
                    'nwse-resize',
                    'zoom-in',
                    'zoom-out',
                    v.isArbitraryVariable,
                    v.isArbitraryValue,
                ],
            },
        ],
        'field-sizing': [{ 'field-sizing': ['fixed', 'content'] }],
        'pointer-events': [{ 'pointer-events': ['auto', 'none'] }],
        resize: [{ resize: ['none', '', 'y', 'x'] }],
        'scroll-behavior': [{ scroll: ['auto', 'smooth'] }],
        'scrollbar-thumb-color': [{ 'scrollbar-thumb': scale17 }],
        'scrollbar-track-color': [{ 'scrollbar-track': scale17 }],
        'scrollbar-gutter': [{ 'scrollbar-gutter': ['auto', 'stable', 'both'] }],
        'scrollbar-w': [{ scrollbar: ['auto', 'thin', 'none'] }],
        'scroll-m': [{ 'scroll-m': scale10 }],
        'scroll-mx': [{ 'scroll-mx': scale10 }],
        'scroll-my': [{ 'scroll-my': scale10 }],
        'scroll-ms': [{ 'scroll-ms': scale10 }],
        'scroll-me': [{ 'scroll-me': scale10 }],
        'scroll-mbs': [{ 'scroll-mbs': scale10 }],
        'scroll-mbe': [{ 'scroll-mbe': scale10 }],
        'scroll-mt': [{ 'scroll-mt': scale10 }],
        'scroll-mr': [{ 'scroll-mr': scale10 }],
        'scroll-mb': [{ 'scroll-mb': scale10 }],
        'scroll-ml': [{ 'scroll-ml': scale10 }],
        'scroll-p': [{ 'scroll-p': scale10 }],
        'scroll-px': [{ 'scroll-px': scale10 }],
        'scroll-py': [{ 'scroll-py': scale10 }],
        'scroll-ps': [{ 'scroll-ps': scale10 }],
        'scroll-pe': [{ 'scroll-pe': scale10 }],
        'scroll-pbs': [{ 'scroll-pbs': scale10 }],
        'scroll-pbe': [{ 'scroll-pbe': scale10 }],
        'scroll-pt': [{ 'scroll-pt': scale10 }],
        'scroll-pr': [{ 'scroll-pr': scale10 }],
        'scroll-pb': [{ 'scroll-pb': scale10 }],
        'scroll-pl': [{ 'scroll-pl': scale10 }],
        'snap-align': [{ snap: ['start', 'end', 'center', 'align-none'] }],
        'snap-stop': [{ snap: ['normal', 'always'] }],
        'snap-type': [{ snap: ['none', 'x', 'y', 'both'] }],
        'snap-strictness': [{ snap: ['mandatory', 'proximity'] }],
        touch: [{ touch: ['auto', 'none', 'manipulation'] }],
        'touch-x': [{ 'touch-pan': ['x', 'left', 'right'] }],
        'touch-y': [{ 'touch-pan': ['y', 'up', 'down'] }],
        'touch-pz': ['touch-pinch-zoom'],
        select: [{ select: ['none', 'text', 'all', 'auto'] }],
        'will-change': [
            {
                'will-change': [
                    'auto',
                    'scroll',
                    'contents',
                    'transform',
                    v.isArbitraryVariable,
                    v.isArbitraryValue,
                ],
            },
        ],
        fill: [{ fill: scale36 }],
        'stroke-w': [
            {
                stroke: [v.isNumber, v.isArbitraryVariableLength, v.isArbitraryLength, v.isArbitraryNumber],
            },
        ],
        stroke: [{ stroke: scale36 }],
        'forced-color-adjust': [{ 'forced-color-adjust': ['auto', 'none'] }],
    },
    conflictingClassGroups: {
        'container-named': ['container-type'],
        overflow: ['overflow-x', 'overflow-y'],
        overscroll: ['overscroll-x', 'overscroll-y'],
        inset: ['inset-x', 'inset-y', 'inset-bs', 'inset-be', 'start', 'end', 'top', 'right', 'bottom', 'left'],
        'inset-x': ['right', 'left'],
        'inset-y': ['top', 'bottom'],
        flex: ['basis', 'grow', 'shrink'],
        gap: ['gap-x', 'gap-y'],
        p: ['px', 'py', 'ps', 'pe', 'pbs', 'pbe', 'pt', 'pr', 'pb', 'pl'],
        px: ['pr', 'pl'],
        py: ['pt', 'pb'],
        m: ['mx', 'my', 'ms', 'me', 'mbs', 'mbe', 'mt', 'mr', 'mb', 'ml'],
        mx: ['mr', 'ml'],
        my: ['mt', 'mb'],
        size: ['w', 'h'],
        'font-size': ['leading'],
        'fvn-normal': ['fvn-ordinal', 'fvn-slashed-zero', 'fvn-figure', 'fvn-spacing', 'fvn-fraction'],
        'fvn-ordinal': ['fvn-normal'],
        'fvn-slashed-zero': ['fvn-normal'],
        'fvn-figure': ['fvn-normal'],
        'fvn-spacing': ['fvn-normal'],
        'fvn-fraction': ['fvn-normal'],
        'line-clamp': ['display', 'overflow'],
        rounded: ['rounded-s', 'rounded-e', 'rounded-t', 'rounded-r', 'rounded-b', 'rounded-l', 'rounded-ss', 'rounded-se', 'rounded-ee', 'rounded-es', 'rounded-tl', 'rounded-tr', 'rounded-br', 'rounded-bl'],
        'rounded-s': ['rounded-ss', 'rounded-es'],
        'rounded-e': ['rounded-se', 'rounded-ee'],
        'rounded-t': ['rounded-tl', 'rounded-tr'],
        'rounded-r': ['rounded-tr', 'rounded-br'],
        'rounded-b': ['rounded-br', 'rounded-bl'],
        'rounded-l': ['rounded-tl', 'rounded-bl'],
        'border-spacing': ['border-spacing-x', 'border-spacing-y'],
        'border-w': ['border-w-x', 'border-w-y', 'border-w-s', 'border-w-e', 'border-w-bs', 'border-w-be', 'border-w-t', 'border-w-r', 'border-w-b', 'border-w-l'],
        'border-w-x': ['border-w-r', 'border-w-l'],
        'border-w-y': ['border-w-t', 'border-w-b'],
        'border-color': ['border-color-x', 'border-color-y', 'border-color-s', 'border-color-e', 'border-color-bs', 'border-color-be', 'border-color-t', 'border-color-r', 'border-color-b', 'border-color-l'],
        'border-color-x': ['border-color-r', 'border-color-l'],
        'border-color-y': ['border-color-t', 'border-color-b'],
        translate: ['translate-x', 'translate-y', 'translate-none'],
        'translate-none': ['translate', 'translate-x', 'translate-y', 'translate-z'],
        'scroll-m': ['scroll-mx', 'scroll-my', 'scroll-ms', 'scroll-me', 'scroll-mbs', 'scroll-mbe', 'scroll-mt', 'scroll-mr', 'scroll-mb', 'scroll-ml'],
        'scroll-mx': ['scroll-mr', 'scroll-ml'],
        'scroll-my': ['scroll-mt', 'scroll-mb'],
        'scroll-p': ['scroll-px', 'scroll-py', 'scroll-ps', 'scroll-pe', 'scroll-pbs', 'scroll-pbe', 'scroll-pt', 'scroll-pr', 'scroll-pb', 'scroll-pl'],
        'scroll-px': ['scroll-pr', 'scroll-pl'],
        'scroll-py': ['scroll-pt', 'scroll-pb'],
        touch: ['touch-x', 'touch-y', 'touch-pz'],
        'touch-x': ['touch'],
        'touch-y': ['touch'],
        'touch-pz': ['touch'],
    },
    conflictingClassGroupModifiers: {
        'font-size': ['leading'],
    },
    postfixLookupClassGroups: ['container-type'],
    orderSensitiveModifiers: ['*', '**', 'after', 'backdrop', 'before', 'details-content', 'file', 'first-letter', 'first-line', 'marker', 'placeholder', 'selection'],
} satisfies Config<string, never>

export const twMerge = createTailwindMerge(() => config)
"
`;

exports[`generate from vanilla Tailwind CSS > matches Tailwind conflict semantics across the design-system class list 1`] = `
[
  "shadow-initial shadow-inner → shadow-initial shadow-inner (default: shadow-inner)",
  "shadow-inner shadow-lg → shadow-lg (default: shadow-inner shadow-lg)",
]
`;
